
> cursorhack@0.1.0 build
> next build

   ▲ Next.js 16.0.7 (Turbopack)

   Creating an optimized production build ...
 ✓ Compiled successfully in 9.5s
   Running TypeScript ...
node.exe : Failed to compile.
At C:\Program 
Files\nodejs\npm.ps1:29 char:3
+   & $NODE_EXE $NPM_CLI_JS $args
+   ~~~~~~~~~~~~~~~~~~~~~~~~~~~~~
    + CategoryInfo          : NotS 
   pecified: (Failed to compile.:  
  String) [], RemoteException
    + FullyQualifiedErrorId : Nati 
   veCommandError
 

./backend/server.ts:1:21
Type error: Cannot find module 
'express' or its corresponding 
type declarations.

[0m[31m[1m>[22m[39m[90m 1 
|[39m [36mimport[39m express 
[36mfrom[39m 
[32m"express"[39m[33m;[39m
 [90m   |[39m                    
 [31m[1m^[22m[39m
 [90m 2 |[39m [36mimport[39m 
cors [36mfrom[39m 
[32m"cors"[39m[33m;[39m
 [90m 3 |[39m [36mimport[39m 
dotenv [36mfrom[39m 
[32m"dotenv"[39m[33m;[39m
 [90m 4 |[39m [36mimport[39m 
[33mOpenAI[39m [36mfrom[39m 
[32m"openai"[39m[33m;[39m[0m
Next.js build worker exited with 
code: 1 and signal: null
